{
    "app.css": "app.css",
    "app.css.map": "app.css.map"
}