{
    "app.css": "app.71db82a2.css",
    "app.css.map": "app.71db82a2.css.map"
}